// Jest Snapshot v1, https://goo.gl/fbAQLP

exports[`Index page should match snapshot 1`] = `
<ThemeProvider
  theme={
    Object {
      "activeColor": "#ffD74f",
      "backgroundColor": "#111",
      "errorColor": "#ff665a",
      "lightBackgroundColor": "#252526",
      "linkColor": "#fff",
      "primaryColor": "#05F26C",
      "secondaryColor": "#3518E5",
      "textColor": "#F1F2E9",
      "textFont": "'Exo 2',sans-serif",
    }
  }
>
  <Page>
    <Layout>
      <Navbar>
        <Navbar__Container
          alignItems="center"
          color="white"
          px={2}
          py={2}
        >
          <StyledComponent
            alignItems="center"
            color="white"
            forwardedComponent={
              Object {
                "$$typeof": Symbol(react.forward_ref),
                "__emotion_base": "div",
                "__emotion_forwardProp": [Function],
                "__emotion_real": Object {
                  "$$typeof": Symbol(react.forward_ref),
                  "__emotion_base": "div",
                  "__emotion_forwardProp": [Function],
                  "__emotion_real": [Circular],
                  "__emotion_styles": Array [
                    Object {
                      "boxSizing": "border-box",
                      "margin": 0,
                      "minWidth": 0,
                    },
                    [Function],
                    [Function],
                    [Function],
                    [Function],
                    [Function],
                    Object {
                      "display": "flex",
                    },
                  ],
                  "defaultProps": undefined,
                  "displayName": "Styled(div)",
                  "render": [Function],
                  "withComponent": [Function],
                },
                "__emotion_styles": Array [
                  Object {
                    "boxSizing": "border-box",
                    "margin": 0,
                    "minWidth": 0,
                  },
                  [Function],
                  [Function],
                  [Function],
                  [Function],
                  [Function],
                  Object {
                    "display": "flex",
                  },
                ],
                "attrs": Array [],
                "componentStyle": ComponentStyle {
                  "componentId": "Navbar__Container-sc-1qe3s5x-0",
                  "isStatic": false,
                  "lastClassName": "iNtICZ",
                  "rules": Array [
                    "background-color:",
                    [Function],
                    ";",
                  ],
                },
                "displayName": "Navbar__Container",
                "foldedComponentIds": Array [],
                "render": [Function],
                "styledComponentId": "Navbar__Container-sc-1qe3s5x-0",
                "target": Object {
                  "$$typeof": Symbol(react.forward_ref),
                  "__emotion_base": "div",
                  "__emotion_forwardProp": [Function],
                  "__emotion_real": [Circular],
                  "__emotion_styles": Array [
                    Object {
                      "boxSizing": "border-box",
                      "margin": 0,
                      "minWidth": 0,
                    },
                    [Function],
                    [Function],
                    [Function],
                    [Function],
                    [Function],
                    Object {
                      "display": "flex",
                    },
                  ],
                  "defaultProps": undefined,
                  "displayName": "Styled(div)",
                  "render": [Function],
                  "withComponent": [Function],
                },
                "toString": [Function],
                "warnTooManyClasses": [Function],
                "withComponent": [Function],
              }
            }
            forwardedRef={null}
            px={2}
            py={2}
          >
            <Styled(div)
              alignItems="center"
              className="Navbar__Container-sc-1qe3s5x-0 iNtICZ"
              color="white"
              px={2}
              py={2}
            >
              <div
                className="Navbar__Container-sc-1qe3s5x-0 iNtICZ css-p1imuz"
              >
                <NavLink
                  href="/"
                >
                  <Styled(div)
                    m={1}
                  >
                    <div
                      className="css-1ee7t57"
                    >
                      <Link
                        href="/"
                      >
                        <Link
                          href="/"
                        >
                          <Link__Content
                            onClick={[Function]}
                            onMouseEnter={[Function]}
                          >
                            <StyledComponent
                              forwardedComponent={
                                Object {
                                  "$$typeof": Symbol(react.forward_ref),
                                  "attrs": Array [],
                                  "componentStyle": ComponentStyle {
                                    "componentId": "Link__Content-j0sqir-0",
                                    "isStatic": false,
                                    "lastClassName": "jgHxZN",
                                    "rules": Array [
                                      "color:",
                                      [Function],
                                      ";cursor:pointer;",
                                    ],
                                  },
                                  "displayName": "Link__Content",
                                  "foldedComponentIds": Array [],
                                  "render": [Function],
                                  "styledComponentId": "Link__Content-j0sqir-0",
                                  "target": "a",
                                  "toString": [Function],
                                  "warnTooManyClasses": [Function],
                                  "withComponent": [Function],
                                }
                              }
                              forwardedRef={[Function]}
                              onClick={[Function]}
                              onMouseEnter={[Function]}
                            >
                              <a
                                className="Link__Content-j0sqir-0 jgHxZN"
                                onClick={[Function]}
                                onMouseEnter={[Function]}
                              >
                                Gamejitsu
                              </a>
                            </StyledComponent>
                          </Link__Content>
                        </Link>
                      </Link>
                    </div>
                  </Styled(div)>
                </NavLink>
                <NavLink
                  href="/dashboard"
                >
                  <Styled(div)
                    m={1}
                  >
                    <div
                      className="css-1ee7t57"
                    >
                      <Link
                        href="/dashboard"
                      >
                        <Link
                          href="/dashboard"
                        >
                          <Link__Content
                            onClick={[Function]}
                            onMouseEnter={[Function]}
                          >
                            <StyledComponent
                              forwardedComponent={
                                Object {
                                  "$$typeof": Symbol(react.forward_ref),
                                  "attrs": Array [],
                                  "componentStyle": ComponentStyle {
                                    "componentId": "Link__Content-j0sqir-0",
                                    "isStatic": false,
                                    "lastClassName": "jgHxZN",
                                    "rules": Array [
                                      "color:",
                                      [Function],
                                      ";cursor:pointer;",
                                    ],
                                  },
                                  "displayName": "Link__Content",
                                  "foldedComponentIds": Array [],
                                  "render": [Function],
                                  "styledComponentId": "Link__Content-j0sqir-0",
                                  "target": "a",
                                  "toString": [Function],
                                  "warnTooManyClasses": [Function],
                                  "withComponent": [Function],
                                }
                              }
                              forwardedRef={[Function]}
                              onClick={[Function]}
                              onMouseEnter={[Function]}
                            >
                              <a
                                className="Link__Content-j0sqir-0 jgHxZN"
                                onClick={[Function]}
                                onMouseEnter={[Function]}
                              >
                                Dashboard
                              </a>
                            </StyledComponent>
                          </Link__Content>
                        </Link>
                      </Link>
                    </div>
                  </Styled(div)>
                </NavLink>
                <NavLink
                  href="/reviews"
                >
                  <Styled(div)
                    m={1}
                  >
                    <div
                      className="css-1ee7t57"
                    >
                      <Link
                        href="/reviews"
                      >
                        <Link
                          href="/reviews"
                        >
                          <Link__Content
                            onClick={[Function]}
                            onMouseEnter={[Function]}
                          >
                            <StyledComponent
                              forwardedComponent={
                                Object {
                                  "$$typeof": Symbol(react.forward_ref),
                                  "attrs": Array [],
                                  "componentStyle": ComponentStyle {
                                    "componentId": "Link__Content-j0sqir-0",
                                    "isStatic": false,
                                    "lastClassName": "jgHxZN",
                                    "rules": Array [
                                      "color:",
                                      [Function],
                                      ";cursor:pointer;",
                                    ],
                                  },
                                  "displayName": "Link__Content",
                                  "foldedComponentIds": Array [],
                                  "render": [Function],
                                  "styledComponentId": "Link__Content-j0sqir-0",
                                  "target": "a",
                                  "toString": [Function],
                                  "warnTooManyClasses": [Function],
                                  "withComponent": [Function],
                                }
                              }
                              forwardedRef={[Function]}
                              onClick={[Function]}
                              onMouseEnter={[Function]}
                            >
                              <a
                                className="Link__Content-j0sqir-0 jgHxZN"
                                onClick={[Function]}
                                onMouseEnter={[Function]}
                              >
                                Reviews
                              </a>
                            </StyledComponent>
                          </Link__Content>
                        </Link>
                      </Link>
                    </div>
                  </Styled(div)>
                </NavLink>
                <NavLink
                  href="/coach-reviews"
                >
                  <Styled(div)
                    m={1}
                  >
                    <div
                      className="css-1ee7t57"
                    >
                      <Link
                        href="/coach-reviews"
                      >
                        <Link
                          href="/coach-reviews"
                        >
                          <Link__Content
                            onClick={[Function]}
                            onMouseEnter={[Function]}
                          >
                            <StyledComponent
                              forwardedComponent={
                                Object {
                                  "$$typeof": Symbol(react.forward_ref),
                                  "attrs": Array [],
                                  "componentStyle": ComponentStyle {
                                    "componentId": "Link__Content-j0sqir-0",
                                    "isStatic": false,
                                    "lastClassName": "jgHxZN",
                                    "rules": Array [
                                      "color:",
                                      [Function],
                                      ";cursor:pointer;",
                                    ],
                                  },
                                  "displayName": "Link__Content",
                                  "foldedComponentIds": Array [],
                                  "render": [Function],
                                  "styledComponentId": "Link__Content-j0sqir-0",
                                  "target": "a",
                                  "toString": [Function],
                                  "warnTooManyClasses": [Function],
                                  "withComponent": [Function],
                                }
                              }
                              forwardedRef={[Function]}
                              onClick={[Function]}
                              onMouseEnter={[Function]}
                            >
                              <a
                                className="Link__Content-j0sqir-0 jgHxZN"
                                onClick={[Function]}
                                onMouseEnter={[Function]}
                              >
                                Coach Reviews
                              </a>
                            </StyledComponent>
                          </Link__Content>
                        </Link>
                      </Link>
                    </div>
                  </Styled(div)>
                </NavLink>
                <Styled(div)
                  mx="auto"
                >
                  <div
                    className="css-1ntkiwo"
                  />
                </Styled(div)>
                <NavLink
                  href="/"
                  key="username"
                >
                  <Styled(div)
                    m={1}
                  >
                    <div
                      className="css-1ee7t57"
                    >
                      <Link
                        href="/"
                      >
                        <Link
                          href="/"
                        >
                          <Link__Content
                            onClick={[Function]}
                            onMouseEnter={[Function]}
                          >
                            <StyledComponent
                              forwardedComponent={
                                Object {
                                  "$$typeof": Symbol(react.forward_ref),
                                  "attrs": Array [],
                                  "componentStyle": ComponentStyle {
                                    "componentId": "Link__Content-j0sqir-0",
                                    "isStatic": false,
                                    "lastClassName": "jgHxZN",
                                    "rules": Array [
                                      "color:",
                                      [Function],
                                      ";cursor:pointer;",
                                    ],
                                  },
                                  "displayName": "Link__Content",
                                  "foldedComponentIds": Array [],
                                  "render": [Function],
                                  "styledComponentId": "Link__Content-j0sqir-0",
                                  "target": "a",
                                  "toString": [Function],
                                  "warnTooManyClasses": [Function],
                                  "withComponent": [Function],
                                }
                              }
                              forwardedRef={[Function]}
                              onClick={[Function]}
                              onMouseEnter={[Function]}
                            >
                              <a
                                className="Link__Content-j0sqir-0 jgHxZN"
                                onClick={[Function]}
                                onMouseEnter={[Function]}
                              >
                                userTest
                              </a>
                            </StyledComponent>
                          </Link__Content>
                        </Link>
                      </Link>
                    </div>
                  </Styled(div)>
                </NavLink>
                <Button
                  key="logout"
                  onClick={[Function]}
                  text="Logout"
                >
                  <Button__Content
                    disabled={false}
                    onClick={[Function]}
                    type="button"
                  >
                    <StyledComponent
                      disabled={false}
                      forwardedComponent={
                        Object {
                          "$$typeof": Symbol(react.forward_ref),
                          "attrs": Array [],
                          "componentStyle": ComponentStyle {
                            "componentId": "Button__Content-sc-1qhaj03-0",
                            "isStatic": false,
                            "lastClassName": "iUEPVJ",
                            "rules": Array [
                              "background:linear-gradient( to bottom,",
                              [Function],
                              ",",
                              [Function],
                              " );padding:12px 30px;font-size:15px;outline:0;border:0;cursor:pointer;",
                            ],
                          },
                          "displayName": "Button__Content",
                          "foldedComponentIds": Array [],
                          "render": [Function],
                          "styledComponentId": "Button__Content-sc-1qhaj03-0",
                          "target": "button",
                          "toString": [Function],
                          "warnTooManyClasses": [Function],
                          "withComponent": [Function],
                        }
                      }
                      forwardedRef={null}
                      onClick={[Function]}
                      type="button"
                    >
                      <button
                        className="Button__Content-sc-1qhaj03-0 iUEPVJ"
                        disabled={false}
                        onClick={[Function]}
                        type="button"
                      >
                        Logout
                      </button>
                    </StyledComponent>
                  </Button__Content>
                </Button>
              </div>
            </Styled(div)>
          </StyledComponent>
        </Navbar__Container>
      </Navbar>
      <Layout__Container
        mx="auto"
      >
        <StyledComponent
          forwardedComponent={
            Object {
              "$$typeof": Symbol(react.forward_ref),
              "__emotion_base": "div",
              "__emotion_forwardProp": [Function],
              "__emotion_real": Object {
                "$$typeof": Symbol(react.forward_ref),
                "__emotion_base": "div",
                "__emotion_forwardProp": [Function],
                "__emotion_real": [Circular],
                "__emotion_styles": Array [
                  Object {
                    "boxSizing": "border-box",
                    "margin": 0,
                    "minWidth": 0,
                  },
                  [Function],
                  [Function],
                  [Function],
                  [Function],
                  [Function],
                ],
                "defaultProps": undefined,
                "displayName": "Styled(div)",
                "render": [Function],
                "withComponent": [Function],
              },
              "__emotion_styles": Array [
                Object {
                  "boxSizing": "border-box",
                  "margin": 0,
                  "minWidth": 0,
                },
                [Function],
                [Function],
                [Function],
                [Function],
                [Function],
              ],
              "attrs": Array [],
              "componentStyle": ComponentStyle {
                "componentId": "Layout__Container-sc-1iu1ypv-0",
                "isStatic": false,
                "lastClassName": "kXwVwM",
                "rules": Array [
                  "max-width:1024px;",
                ],
              },
              "displayName": "Layout__Container",
              "foldedComponentIds": Array [],
              "render": [Function],
              "styledComponentId": "Layout__Container-sc-1iu1ypv-0",
              "target": Object {
                "$$typeof": Symbol(react.forward_ref),
                "__emotion_base": "div",
                "__emotion_forwardProp": [Function],
                "__emotion_real": [Circular],
                "__emotion_styles": Array [
                  Object {
                    "boxSizing": "border-box",
                    "margin": 0,
                    "minWidth": 0,
                  },
                  [Function],
                  [Function],
                  [Function],
                  [Function],
                  [Function],
                ],
                "defaultProps": undefined,
                "displayName": "Styled(div)",
                "render": [Function],
                "withComponent": [Function],
              },
              "toString": [Function],
              "warnTooManyClasses": [Function],
              "withComponent": [Function],
            }
          }
          forwardedRef={null}
          mx="auto"
        >
          <Styled(div)
            className="Layout__Container-sc-1iu1ypv-0 kXwVwM"
            mx="auto"
          >
            <div
              className="Layout__Container-sc-1iu1ypv-0 kXwVwM css-1ntkiwo"
            >
              <Head>
                <Component
                  handleStateChange={null}
                  inAmpMode={false}
                  reduceComponentsToState={[Function]}
                />
              </Head>
            </div>
          </Styled(div)>
        </StyledComponent>
      </Layout__Container>
    </Layout>
  </Page>
</ThemeProvider>
`;
